
phewas: reads 7, stored chunks 16, measured head 23.6 ms (2.18 9.9), modelled read at unsharded c1000 49.3 ms, non-read remainder -25.7 ms
   1000x1000  chunks      16  e2e        8.5 -       34.9 ms  (mid 21.3)
   1000x128   chunks      68  e2e       21.9 -       64.1 ms  (mid 42.0)
   1000x64    chunks     132  e2e       26.7 -       83.3 ms  (mid 52.8)
   2000x128   chunks      68  e2e       37.3 -       79.5 ms  (mid 58.4)
   4000x256   chunks      36  e2e       22.3 -       81.1 ms  (mid 49.0)
   250x512    chunks      20  e2e        1.6 -       29.7 ms  (mid 14.7)
   2000x256   chunks      36  e2e       18.3 -       53.5 ms  (mid 35.3)
   4000x128   chunks      68  e2e       35.2 -       96.9 ms  (mid 63.9)
   8000x64    chunks     132  e2e       71.0 -      187.4 ms  (mid 124.0)
   1000x256   chunks      36  e2e       15.9 -       48.4 ms  (mid 31.7)
   500x256    chunks      36  e2e        8.4 -       41.1 ms  (mid 23.7)
   2000x64    chunks     132  e2e       50.2 -      111.9 ms  (mid 79.9)

tophits: reads 6, stored chunks 6, measured head 6.8 ms (2.18 1.1), modelled read at unsharded c1000 28.7 ms, non-read remainder -21.8 ms
   1000x1000  chunks       6  e2e       -3.0 -       18.0 ms  (mid 6.7)
   1000x128   chunks       6  e2e       -3.0 -       18.0 ms  (mid 6.7)
   1000x64    chunks       6  e2e       -3.0 -       18.0 ms  (mid 6.7)
   2000x128   chunks       6  e2e       -3.0 -       18.0 ms  (mid 6.7)
   4000x256   chunks       6  e2e       -3.0 -       18.0 ms  (mid 6.7)
   250x512    chunks       6  e2e       -3.0 -       18.0 ms  (mid 6.7)
   2000x256   chunks       6  e2e       -3.0 -       18.0 ms  (mid 6.7)
   4000x128   chunks       6  e2e       -3.0 -       18.0 ms  (mid 6.7)
   8000x64    chunks       6  e2e       -3.0 -       18.0 ms  (mid 6.7)
   1000x256   chunks       6  e2e       -3.0 -       18.0 ms  (mid 6.7)
   500x256    chunks       6  e2e       -3.0 -       18.0 ms  (mid 6.7)
   2000x64    chunks       6  e2e       -3.0 -       18.0 ms  (mid 6.7)

regional_one_analysis: reads 7, stored chunks 26, measured head 58.8 ms (2.18 25.8), modelled read at unsharded c1000 62.2 ms, non-read remainder -3.4 ms
   1000x1000  chunks      26  e2e       34.3 -       66.5 ms  (mid 49.7)
   1000x128   chunks      26  e2e       24.6 -       54.2 ms  (mid 38.3)
   1000x64    chunks      26  e2e       21.9 -       50.9 ms  (mid 35.2)
   2000x128   chunks      14  e2e       23.0 -       49.3 ms  (mid 35.3)
   4000x256   chunks      14  e2e       28.6 -       50.7 ms  (mid 39.6)
   250x512    chunks      92  e2e       43.2 -       89.5 ms  (mid 64.8)
   2000x256   chunks      14  e2e       24.4 -       49.0 ms  (mid 36.1)
   4000x128   chunks      14  e2e       24.4 -       49.0 ms  (mid 36.1)
   8000x64    chunks      14  e2e       24.6 -       49.3 ms  (mid 36.4)
   1000x256   chunks      26  e2e       28.3 -       57.6 ms  (mid 42.1)
   500x256    chunks      50  e2e       31.5 -       67.2 ms  (mid 48.1)
   2000x64    chunks      14  e2e       21.2 -       47.6 ms  (mid 33.4)

regional: reads 7, stored chunks 58, measured head 1710.9 ms (2.18 1654.3), modelled read at unsharded c1000 115.2 ms, non-read remainder 1595.7 ms
   1000x1000  chunks      58  e2e     1653.2 -     1734.0 ms  (mid 1689.3)
   1000x128   chunks     266  e2e     1723.7 -     1822.7 ms  (mid 1771.8)
   1000x64    chunks     522  e2e     1742.7 -     1899.6 ms  (mid 1815.3)
   2000x128   chunks     134  e2e     1695.3 -     1771.3 ms  (mid 1732.3)
   4000x256   chunks      70  e2e     1665.3 -     1774.6 ms  (mid 1713.6)
   250x512    chunks     272  e2e     1714.1 -     1810.5 ms  (mid 1760.6)
   2000x256   chunks      70  e2e     1657.3 -     1719.3 ms  (mid 1686.2)
   4000x128   chunks     134  e2e     1691.0 -     1806.2 ms  (mid 1743.4)
   8000x64    chunks     262  e2e     1762.6 -     1987.2 ms  (mid 1863.6)
   1000x256   chunks     138  e2e     1694.3 -     1769.0 ms  (mid 1730.8)
   500x256    chunks     274  e2e     1722.2 -     1821.7 ms  (mid 1770.4)
   2000x64    chunks     262  e2e     1726.6 -     1826.9 ms  (mid 1775.5)

rand_10x100: reads 7, stored chunks 136, measured head 110.7 ms (2.18 73.5), modelled read at unsharded c1000 236.9 ms, non-read remainder -126.2 ms
   1000x1000  chunks     136  e2e      -25.9 -      156.1 ms  (mid 53.6)
   1000x128   chunks     648  e2e      157.7 -      366.6 ms  (mid 260.2)
   1000x64    chunks    1241  e2e      197.2 -      539.3 ms  (mid 355.6)
   2000x128   chunks     648  e2e      258.1 -      598.0 ms  (mid 419.7)
   4000x256   chunks     342  e2e      116.1 -      629.4 ms  (mid 337.6)
   250x512    chunks     182  e2e      -40.3 -       31.7 ms  (mid -5.8)
   2000x256   chunks     342  e2e       76.5 -      353.0 ms  (mid 200.6)
   4000x128   chunks     648  e2e      237.1 -      769.8 ms  (mid 474.4)
   8000x64    chunks    1241  e2e      568.7 -     1614.2 ms  (mid 1033.2)
   1000x256   chunks     342  e2e       80.8 -      254.9 ms  (mid 164.3)
   500x256    chunks     342  e2e       26.8 -      145.3 ms  (mid 84.4)
   2000x64    chunks    1241  e2e      423.4 -      814.9 ms  (mid 616.6)

rand_100x10: reads 7, stored chunks 996, measured head 689.3 ms (2.18 706.7), modelled read at unsharded c1000 1551.5 ms, non-read remainder -862.2 ms
   1000x1000  chunks     996  e2e     -310.2 -      895.2 ms  (mid 208.7)
   1000x128   chunks    3154  e2e      418.4 -     1343.0 ms  (mid 873.6)
   1000x64    chunks    3486  e2e      -11.3 -      903.5 ms  (mid 411.3)
   2000x128   chunks    3154  e2e      866.3 -     2442.1 ms  (mid 1611.9)
   4000x256   chunks    3125  e2e     1138.6 -     5825.6 ms  (mid 3146.8)
   250x512    chunks    1744  e2e     -209.9 -      285.8 ms  (mid 31.9)
   2000x256   chunks    3154  e2e      791.7 -     3304.3 ms  (mid 1907.0)
   4000x128   chunks    3125  e2e      755.3 -     3232.0 ms  (mid 1853.8)
   8000x64    chunks    3422  e2e      961.2 -     3730.5 ms  (mid 2190.5)
   1000x256   chunks    3154  e2e      826.2 -     2374.3 ms  (mid 1558.0)
   500x256    chunks    3154  e2e      395.2 -     1304.6 ms  (mid 842.8)
   2000x64    chunks    3486  e2e      605.0 -     1654.9 ms  (mid 1122.8)

bulk: reads 7, stored chunks 59090, measured head 22894.4 ms (2.18 26395.0), modelled read at unsharded c1000 85963.2 ms, non-read remainder -63068.8 ms
   1000x1000  chunks   59090  e2e   -35297.4 -    23451.6 ms  (mid -9946.4)
   1000x128   chunks   59090  e2e   -45326.0 -   -29626.1 ms  (mid -37863.2)
   1000x64    chunks   59090  e2e   -52062.6 -   -37616.5 ms  (mid -45550.4)
   2000x128   chunks   29546  e2e   -50139.1 -   -40182.0 ms  (mid -45294.3)
   4000x256   chunks   14774  e2e   -55576.1 -   -40165.1 ms  (mid -48912.2)
   250x512    chunks  236348  e2e     4557.8 -    65342.5 ms  (mid 33380.1)
   2000x256   chunks   29546  e2e   -50664.2 -   -34582.9 ms  (mid -43404.7)
   4000x128   chunks   14774  e2e   -56858.5 -   -48776.7 ms  (mid -53211.8)
   8000x64    chunks    7388  e2e   -59816.5 -   -55641.7 ms  (mid -57929.8)
   1000x256   chunks   59090  e2e   -37875.1 -   -18476.4 ms  (mid -28436.0)
   500x256    chunks  118178  e2e   -28382.1 -     2556.8 ms  (mid -13694.1)
   2000x64    chunks   29546  e2e   -53849.1 -   -45802.8 ms  (mid -50016.0)
