=== command
/usr/bin/time -v python scripts/convert_store_to_0_2_0.py /data/opengwasdb/stores/OGS-00009/store.opengwasdb --into /data/opengwasdb/work/epic240/245/OGS-00009-v3-c64 --dense-analysis-chunk 64 --workers 32
=== started
Mon  5 Oct 05:02:29 UTC 2026
 06:02:29 up 3 days, 23:56,  5 users,  load average: 12.11, 13.02, 11.93
  copied the release envelope: 0.1s
  35 arrays to convert
  created the destination arrays: 0.8s
  writing 943 shards over 32 worker(s)
  wrote every shard over 32 worker(s): 41.8s
  rewrote the manifest, index blob and root attrs: 0.1s
  verifying eaf
  verifying eaf_baseline
  verifying eaf_exception_index
  verifying eaf_exception_value
  verifying se
  verifying se_coefficients
  verifying se_exception_index
  verifying se_exception_value
  verifying top_hits/p_5e_04/abs_z
  verifying top_hits/p_5e_04/analysis_index
  verifying top_hits/p_5e_04/analysis_offsets
  verifying top_hits/p_5e_04/eaf
  verifying top_hits/p_5e_04/p_value
  verifying top_hits/p_5e_04/se
  verifying top_hits/p_5e_04/variant_index
  verifying top_hits/p_5e_04/z
  verifying top_hits/p_5e_06/abs_z
  verifying top_hits/p_5e_06/analysis_index
  verifying top_hits/p_5e_06/analysis_offsets
  verifying top_hits/p_5e_06/eaf
  verifying top_hits/p_5e_06/p_value
  verifying top_hits/p_5e_06/se
  verifying top_hits/p_5e_06/variant_index
  verifying top_hits/p_5e_06/z
  verifying top_hits/p_5e_08/abs_z
  verifying top_hits/p_5e_08/analysis_index
  verifying top_hits/p_5e_08/analysis_offsets
  verifying top_hits/p_5e_08/eaf
  verifying top_hits/p_5e_08/p_value
  verifying top_hits/p_5e_08/se
  verifying top_hits/p_5e_08/variant_index
  verifying top_hits/p_5e_08/z
  verifying z
  verifying z_overflow_index
  verifying z_overflow_value
  verified the conversion bit-exact: 555.2s
  regenerated overview.html and validated the release: 5302.0s
Published /data/opengwasdb/work/epic240/245/OGS-00009-v3-c64 as 0.2.0
Converted /data/opengwasdb/stores/OGS-00009/store.opengwasdb -> /data/opengwasdb/work/epic240/245/OGS-00009-v3-c64
	Command being timed: ".pixi/envs/dev/bin/python scripts/convert_store_to_0_2_0.py /data/opengwasdb/stores/OGS-00009/store.opengwasdb --into /data/opengwasdb/work/epic240/245/OGS-00009-v3-c64 --dense-analysis-chunk 64 --workers 32"
	User time (seconds): 5814.99
	System time (seconds): 1624.48
	Percent of CPU this job got: 126%
	Elapsed (wall clock) time (h:mm:ss or m:ss): 1:38:21
	Average shared text size (kbytes): 0
	Average unshared data size (kbytes): 0
	Average stack size (kbytes): 0
	Average total size (kbytes): 0
	Maximum resident set size (kbytes): 35374820
	Average resident set size (kbytes): 0
	Major (requiring I/O) page faults: 112
	Minor (reclaiming a frame) page faults: 46158172
	Voluntary context switches: 2073213
	Involuntary context switches: 12171
	Swaps: 0
	File system inputs: 1137744
	File system outputs: 66950728
	Socket messages sent: 0
	Socket messages received: 0
	Signals delivered: 0
	Page size (bytes): 4096
	Exit status: 0
