Copying /data/opengwasdb/wip/rebuild-133/finngen-r13__r13-pilot-20 -> /data/opengwasdb/wip/rebuild-118/finngen-sound-timing
Validating before, to tell inherited faults from introduced ones
Measuring and re-encoding se: /data/opengwasdb/wip/rebuild-118/finngen-sound-timing
  se encoding selected: {'kind': 'int8_residual', 'residual_range': 1.0}
Rebuilding the top-hit index
Phase accounting (issue #144):
  rewrite.exceptions           111.1s  45.7%
  top_hits.scan                 40.3s  16.6%
  rewrite.read                  24.9s  10.3%
  rewrite.count                 18.6s   7.6%
  fit                           17.8s   7.3%
  rewrite.encode                14.9s   6.1%
  rewrite.write                 14.2s   5.8%
  top_hits.write                 1.2s   0.5%
  measure.code                   0.1s   0.0%
  measure.read                   0.0s   0.0%
  measure.compress               0.0s   0.0%
  measure.float16                0.0s   0.0%
  measure.exceptions             0.0s   0.0%
  total accounted              243.2s
Re-stamped to 3.0 in 244.5s
Validating after
OK
EXIT=0
